// Jest Snapshot v1, https://goo.gl/fbAQLP

exports[`should render CartItem component 1`] = `
<UNDEFINED
  item={
    Object {
      "imageUrl": "www.testImage.com",
      "name": "hats",
      "price": 10,
      "quantity": 2,
    }
  }
/>
`;
